[18:51:16] [ServerMain/INFO]: Environment: authHost='https://authserver.mojang.com', accountsHost='https://api.mojang.com', sessionHost='https://sessionserver.mojang.com', servicesHost='https://api.minecraftservices.com', name='PROD'
[18:51:22] [ServerMain/INFO]: Loaded 7 recipes
[18:51:24] [Server thread/INFO]: Starting minecraft server version 1.19.4
[18:51:24] [Server thread/INFO]: Loading properties
[18:51:25] [Server thread/INFO]: This server is running CraftBukkit version 3714-Spigot-b31949f-3ae9069 (MC: 1.19.4) (Implementing API version 1.19.4-R0.1-SNAPSHOT)
[18:51:25] [Server thread/INFO]: Server Ping Player Sample Count: 12
[18:51:25] [Server thread/INFO]: Using 4 threads for Netty based IO
[18:51:25] [Server thread/INFO]: Debug logging is disabled
[18:51:25] [Server thread/INFO]: Default game type: CREATIVE
[18:51:25] [Server thread/INFO]: Generating keypair
[18:51:25] [Server thread/INFO]: Starting Minecraft server on *:25565
[18:51:26] [Server thread/INFO]: Using epoll channel type
[18:51:28] [Server thread/WARN]: Initializing Legacy Material Support. Unless you have legacy plugins and/or data this is a bug!
[18:51:32] [Server thread/WARN]: Legacy plugin SetSpawn v3.4 does not specify an api-version.
[18:51:32] [Server thread/WARN]: Legacy plugin ELCI v1.12.1 does not specify an api-version.
[18:51:33] [Server thread/INFO]: [SetSpawn] Loading SetSpawn v3.4
[18:51:33] [Server thread/INFO]: [ELCI] Loading ELCI v1.12.1
[18:51:33] [Server thread/INFO]: Preparing level "world"
[18:51:33] [Server thread/INFO]: -------- World Settings For [world] --------
[18:51:33] [Server thread/INFO]: Cactus Growth Modifier: 100%
[18:51:33] [Server thread/INFO]: Cane Growth Modifier: 100%
[18:51:33] [Server thread/INFO]: Melon Growth Modifier: 100%
[18:51:33] [Server thread/INFO]: Mushroom Growth Modifier: 100%
[18:51:33] [Server thread/INFO]: Pumpkin Growth Modifier: 100%
[18:51:33] [Server thread/INFO]: Sapling Growth Modifier: 100%
[18:51:33] [Server thread/INFO]: Beetroot Growth Modifier: 100%
[18:51:33] [Server thread/INFO]: Carrot Growth Modifier: 100%
[18:51:33] [Server thread/INFO]: Potato Growth Modifier: 100%
[18:51:33] [Server thread/INFO]: Wheat Growth Modifier: 100%
[18:51:33] [Server thread/INFO]: NetherWart Growth Modifier: 100%
[18:51:33] [Server thread/INFO]: Vine Growth Modifier: 100%
[18:51:33] [Server thread/INFO]: Cocoa Growth Modifier: 100%
[18:51:33] [Server thread/INFO]: Bamboo Growth Modifier: 100%
[18:51:33] [Server thread/INFO]: SweetBerry Growth Modifier: 100%
[18:51:33] [Server thread/INFO]: Kelp Growth Modifier: 100%
[18:51:33] [Server thread/INFO]: TwistingVines Growth Modifier: 100%
[18:51:33] [Server thread/INFO]: WeepingVines Growth Modifier: 100%
[18:51:33] [Server thread/INFO]: CaveVines Growth Modifier: 100%
[18:51:33] [Server thread/INFO]: Entity Activation Range: An 32 / Mo 32 / Ra 48 / Mi 16 / Tiv true / Isa false
[18:51:33] [Server thread/INFO]: Entity Tracking Range: Pl 48 / An 48 / Mo 48 / Mi 32 / Other 64
[18:51:33] [Server thread/INFO]: Hopper Transfer: 8 Hopper Check: 1 Hopper Amount: 1 Hopper Can Load Chunks: false
[18:51:33] [Server thread/INFO]: Experience Merge Radius: 3.0
[18:51:33] [Server thread/INFO]: Mob Spawn Range: 6
[18:51:33] [Server thread/INFO]: Custom Map Seeds:  Village: 10387312 Desert: 14357617 Igloo: 14357618 Jungle: 14357619 Swamp: 14357620 Monument: 10387313 Ocean: 14357621 Shipwreck: 165745295 End City: 10387313 Slime: 987234911 Nether: 30084232 Mansion: 10387319 Fossil: 14357921 Portal: 34222645
[18:51:33] [Server thread/INFO]: Max TNT Explosions: 100
[18:51:33] [Server thread/INFO]: Tile Max Tick Time: 50ms Entity max Tick Time: 50ms
[18:51:33] [Server thread/INFO]: Allow Zombie Pigmen to spawn from portal blocks: true
[18:51:33] [Server thread/INFO]: View Distance: 10
[18:51:33] [Server thread/INFO]: Simulation Distance: 10
[18:51:33] [Server thread/INFO]: Item Despawn Rate: 6000
[18:51:33] [Server thread/INFO]: Item Merge Radius: 2.5
[18:51:33] [Server thread/INFO]: Arrow Despawn Rate: 1200 Trident Respawn Rate:1200
[18:51:33] [Server thread/INFO]: Zombie Aggressive Towards Villager: true
[18:51:33] [Server thread/INFO]: Nerfing mobs spawned from spawners: false
[18:51:34] [Server thread/INFO]: Preparing start region for dimension minecraft:overworld
[18:51:38] [Worker-Main-12/INFO]: Preparing spawn area: 0%
[18:51:38] [Worker-Main-12/INFO]: Preparing spawn area: 0%
[18:51:38] [Worker-Main-12/INFO]: Preparing spawn area: 0%
[18:51:38] [Worker-Main-15/INFO]: Preparing spawn area: 0%
[18:51:38] [Worker-Main-14/INFO]: Preparing spawn area: 0%
[18:51:38] [Worker-Main-14/INFO]: Preparing spawn area: 0%
[18:51:39] [Worker-Main-7/INFO]: Preparing spawn area: 0%
[18:51:39] [Worker-Main-8/INFO]: Preparing spawn area: 0%
[18:51:39] [Worker-Main-2/INFO]: Preparing spawn area: 0%
[18:51:39] [Worker-Main-6/INFO]: Preparing spawn area: 0%
[18:51:39] [Worker-Main-10/INFO]: Preparing spawn area: 0%
[18:51:39] [Worker-Main-12/INFO]: Preparing spawn area: 0%
[18:51:40] [Worker-Main-1/INFO]: Preparing spawn area: 0%
[18:51:40] [Worker-Main-5/INFO]: Preparing spawn area: 0%
[18:51:41] [Worker-Main-12/INFO]: Preparing spawn area: 4%
[18:51:41] [Worker-Main-11/INFO]: Preparing spawn area: 7%
[18:51:42] [Worker-Main-13/INFO]: Preparing spawn area: 48%
[18:51:42] [Worker-Main-9/INFO]: Preparing spawn area: 76%
[18:51:43] [Server thread/INFO]: Time elapsed: 8914 ms
[18:51:43] [Server thread/INFO]: [SetSpawn] Enabling SetSpawn v3.4
[18:51:43] [Server thread/INFO]: [SetSpawn] Enabled!
[18:51:43] [Server thread/INFO]: [ELCI] Enabling ELCI v1.12.1
[18:51:43] [Server thread/INFO]: [ELCI] Using host:port - 0.0.0.0:4711
[18:51:43] [Server thread/INFO]: [ELCI] ThreadListener Started
[18:51:43] [Server thread/INFO]: Server permissions file permissions.yml is empty, ignoring it
[18:51:43] [Server thread/INFO]: Done (10.737s)! For help, type "help"
[18:51:47] [User Authenticator #1/INFO]: UUID of player Toonifyer is 8ff1ac14-21b6-4387-9fa5-9232b163b1cd
[18:51:48] [Server thread/INFO]: Welcome Toonifyer[m
[18:51:48] [Server thread/INFO]: Toonifyer joined the game
[18:51:48] [Server thread/INFO]: Toonifyer[/[0:0:0:0:0:0:0:1%0]:55376] logged in with entity id 180 at ([world]129.98703612321572, 69.0, 7.25235763811905)
